// Jest Snapshot v1, https://goo.gl/fbAQLP

exports[`addAPIData 1`] = `
Object {
  "payload": Object {
    "description": "The story of Piper Chapman, a woman in her thirties who is sentenced to fifteen months in prison after being convicted of a decade-old crime of transporting money for her drug-dealing girlfriend.",
    "imdbID": "tt2372162",
    "poster": "oitnb.jpg",
    "rating": "0.8",
    "title": "Orange Is the New Black",
    "trailer": "th8WT_pxGqg",
    "year": "2013â€“",
  },
  "type": "ADD_API_DATA",
}
`;

exports[`setSearchTerm 1`] = `
Object {
  "payload": "New York",
  "type": "SET_SEARCH_TERM",
}
`;
